
-------------------2023-05-23 22:30:44.133813-------------------
APP_ERROR:
Converter Function Error: NoSuchMethodError: method not found: 'toString' on null
    
TypeError: Cannot read properties of null (reading 'toString')
    at Object.aUe (http://127.0.0.1:55884/main.dart.js:11006:3)
    at ad2.$1 (http://127.0.0.1:55884/main.dart.js:59136:16)
    at c3.t (http://127.0.0.1:55884/main.dart.js:46871:19)
    at Object.b_E (http://127.0.0.1:55884/main.dart.js:7414:17)
    at Object.ae (http://127.0.0.1:55884/main.dart.js:7408:15)
    at bY.fa (http://127.0.0.1:55884/main.dart.js:50481:18)
    at bY.dT (http://127.0.0.1:55884/main.dart.js:50482:19)
    at Object.D1 (http://127.0.0.1:55884/main.dart.js:11014:51)
    at aqa.$1 (http://127.0.0.1:55884/main.dart.js:57479:10)
    at aMQ.$1 (http://127.0.0.1:55884/main.dart.js:106388:12);

-------------------2023-05-23 22:30:44.160298-------------------
APP_ERROR:
Converter Function Error: NoSuchMethodError: method not found: 'toString' on null
    
TypeError: Cannot read properties of null (reading 'toString')
    at Object.aUe (http://127.0.0.1:55884/main.dart.js:11006:3)
    at ad2.$1 (http://127.0.0.1:55884/main.dart.js:59136:16)
    at a6.bZ (http://127.0.0.1:55884/main.dart.js:46878:23)
    at bb.t (http://127.0.0.1:55884/main.dart.js:46858:16)
    at Object.b_E (http://127.0.0.1:55884/main.dart.js:7414:17)
    at Object.ae (http://127.0.0.1:55884/main.dart.js:7408:15)
    at a6.fa (http://127.0.0.1:55884/main.dart.js:46804:18)
    at a6.dT (http://127.0.0.1:55884/main.dart.js:46805:19)
    at Object.D1 (http://127.0.0.1:55884/main.dart.js:11014:51)
    at aNU.$1 (http://127.0.0.1:55884/main.dart.js:58231:10);

-------------------2023-05-23 22:30:44.162285-------------------
APP_ERROR:
Converter Function Error: NoSuchMethodError: method not found: 'toString' on null
    
TypeError: Cannot read properties of null (reading 'toString')
    at Object.aUe (http://127.0.0.1:55884/main.dart.js:11006:3)
    at ad2.$1 (http://127.0.0.1:55884/main.dart.js:59136:16)
    at c3.t (http://127.0.0.1:55884/main.dart.js:46871:19)
    at Object.b_E (http://127.0.0.1:55884/main.dart.js:7414:17)
    at Object.ae (http://127.0.0.1:55884/main.dart.js:7408:15)
    at bY.fa (http://127.0.0.1:55884/main.dart.js:50481:18)
    at bY.dT (http://127.0.0.1:55884/main.dart.js:50482:19)
    at Object.D1 (http://127.0.0.1:55884/main.dart.js:11014:51)
    at aqa.$1 (http://127.0.0.1:55884/main.dart.js:57479:10)
    at aMQ.$1 (http://127.0.0.1:55884/main.dart.js:106388:12);

-------------------2023-05-23 22:30:44.187499-------------------
APP_ERROR:
Converter Function Error: NoSuchMethodError: method not found: 'toString' on null
    
TypeError: Cannot read properties of null (reading 'toString')
    at Object.aUe (http://127.0.0.1:55884/main.dart.js:11006:3)
    at ad2.$1 (http://127.0.0.1:55884/main.dart.js:59136:16)
    at a6.bZ (http://127.0.0.1:55884/main.dart.js:46878:23)
    at bb.t (http://127.0.0.1:55884/main.dart.js:46858:16)
    at Object.b_E (http://127.0.0.1:55884/main.dart.js:7414:17)
    at Object.ae (http://127.0.0.1:55884/main.dart.js:7408:15)
    at a6.fa (http://127.0.0.1:55884/main.dart.js:46804:18)
    at a6.dT (http://127.0.0.1:55884/main.dart.js:46805:19)
    at Object.D1 (http://127.0.0.1:55884/main.dart.js:11014:51)
    at aNU.$1 (http://127.0.0.1:55884/main.dart.js:58231:10);

-------------------2023-05-23 22:30:44.190308-------------------
APP_ERROR:
Converter Function Error: NoSuchMethodError: method not found: 'toString' on null
    
TypeError: Cannot read properties of null (reading 'toString')
    at Object.aUe (http://127.0.0.1:55884/main.dart.js:11006:3)
    at ad2.$1 (http://127.0.0.1:55884/main.dart.js:59136:16)
    at c3.t (http://127.0.0.1:55884/main.dart.js:46871:19)
    at Object.b_E (http://127.0.0.1:55884/main.dart.js:7414:17)
    at Object.ae (http://127.0.0.1:55884/main.dart.js:7408:15)
    at bY.fa (http://127.0.0.1:55884/main.dart.js:50481:18)
    at bY.dT (http://127.0.0.1:55884/main.dart.js:50482:19)
    at Object.D1 (http://127.0.0.1:55884/main.dart.js:11014:51)
    at aqa.$1 (http://127.0.0.1:55884/main.dart.js:57479:10)
    at aMQ.$1 (http://127.0.0.1:55884/main.dart.js:106388:12);

-------------------2023-05-23 22:30:44.210461-------------------
APP_ERROR:
Converter Function Error: NoSuchMethodError: method not found: 'toString' on null
    
TypeError: Cannot read properties of null (reading 'toString')
    at Object.aUe (http://127.0.0.1:55884/main.dart.js:11006:3)
    at ad2.$1 (http://127.0.0.1:55884/main.dart.js:59136:16)
    at a6.bZ (http://127.0.0.1:55884/main.dart.js:46878:23)
    at bb.t (http://127.0.0.1:55884/main.dart.js:46858:16)
    at Object.b_E (http://127.0.0.1:55884/main.dart.js:7414:17)
    at Object.ae (http://127.0.0.1:55884/main.dart.js:7408:15)
    at a6.fa (http://127.0.0.1:55884/main.dart.js:46804:18)
    at a6.dT (http://127.0.0.1:55884/main.dart.js:46805:19)
    at Object.D1 (http://127.0.0.1:55884/main.dart.js:11014:51)
    at aNU.$1 (http://127.0.0.1:55884/main.dart.js:58231:10);

-------------------2023-05-23 22:30:44.212775-------------------
APP_ERROR:
Converter Function Error: NoSuchMethodError: method not found: 'toString' on null
    
TypeError: Cannot read properties of null (reading 'toString')
    at Object.aUe (http://127.0.0.1:55884/main.dart.js:11006:3)
    at ad2.$1 (http://127.0.0.1:55884/main.dart.js:59136:16)
    at c3.t (http://127.0.0.1:55884/main.dart.js:46871:19)
    at Object.b_E (http://127.0.0.1:55884/main.dart.js:7414:17)
    at Object.ae (http://127.0.0.1:55884/main.dart.js:7408:15)
    at bY.fa (http://127.0.0.1:55884/main.dart.js:50481:18)
    at bY.dT (http://127.0.0.1:55884/main.dart.js:50482:19)
    at Object.D1 (http://127.0.0.1:55884/main.dart.js:11014:51)
    at aqa.$1 (http://127.0.0.1:55884/main.dart.js:57479:10)
    at aMQ.$1 (http://127.0.0.1:55884/main.dart.js:106388:12);

-------------------2023-05-23 22:30:44.228413-------------------
APP_ERROR:
Converter Function Error: NoSuchMethodError: method not found: 'toString' on null
    
TypeError: Cannot read properties of null (reading 'toString')
    at Object.aUe (http://127.0.0.1:55884/main.dart.js:11006:3)
    at ad2.$1 (http://127.0.0.1:55884/main.dart.js:59136:16)
    at a6.bZ (http://127.0.0.1:55884/main.dart.js:46878:23)
    at bb.t (http://127.0.0.1:55884/main.dart.js:46858:16)
    at Object.b_E (http://127.0.0.1:55884/main.dart.js:7414:17)
    at Object.ae (http://127.0.0.1:55884/main.dart.js:7408:15)
    at a6.fa (http://127.0.0.1:55884/main.dart.js:46804:18)
    at a6.dT (http://127.0.0.1:55884/main.dart.js:46805:19)
    at Object.D1 (http://127.0.0.1:55884/main.dart.js:11014:51)
    at aNU.$1 (http://127.0.0.1:55884/main.dart.js:58231:10);

-------------------2023-05-23 22:30:44.230299-------------------
APP_ERROR:
Converter Function Error: NoSuchMethodError: method not found: 'toString' on null
    
TypeError: Cannot read properties of null (reading 'toString')
    at Object.aUe (http://127.0.0.1:55884/main.dart.js:11006:3)
    at ad2.$1 (http://127.0.0.1:55884/main.dart.js:59136:16)
    at c3.t (http://127.0.0.1:55884/main.dart.js:46871:19)
    at Object.b_E (http://127.0.0.1:55884/main.dart.js:7414:17)
    at Object.ae (http://127.0.0.1:55884/main.dart.js:7408:15)
    at bY.fa (http://127.0.0.1:55884/main.dart.js:50481:18)
    at bY.dT (http://127.0.0.1:55884/main.dart.js:50482:19)
    at Object.D1 (http://127.0.0.1:55884/main.dart.js:11014:51)
    at aqa.$1 (http://127.0.0.1:55884/main.dart.js:57479:10)
    at aMQ.$1 (http://127.0.0.1:55884/main.dart.js:106388:12);

-------------------2023-05-23 22:30:44.249254-------------------
APP_ERROR:
Converter Function Error: NoSuchMethodError: method not found: 'toString' on null
    
TypeError: Cannot read properties of null (reading 'toString')
    at Object.aUe (http://127.0.0.1:55884/main.dart.js:11006:3)
    at ad2.$1 (http://127.0.0.1:55884/main.dart.js:59136:16)
    at a6.bZ (http://127.0.0.1:55884/main.dart.js:46878:23)
    at bb.t (http://127.0.0.1:55884/main.dart.js:46858:16)
    at Object.b_E (http://127.0.0.1:55884/main.dart.js:7414:17)
    at Object.ae (http://127.0.0.1:55884/main.dart.js:7408:15)
    at a6.fa (http://127.0.0.1:55884/main.dart.js:46804:18)
    at a6.dT (http://127.0.0.1:55884/main.dart.js:46805:19)
    at Object.D1 (http://127.0.0.1:55884/main.dart.js:11014:51)
    at aNU.$1 (http://127.0.0.1:55884/main.dart.js:58231:10);

-------------------2023-05-23 22:30:44.250849-------------------
APP_ERROR:
Converter Function Error: NoSuchMethodError: method not found: 'toString' on null
    
TypeError: Cannot read properties of null (reading 'toString')
    at Object.aUe (http://127.0.0.1:55884/main.dart.js:11006:3)
    at ad2.$1 (http://127.0.0.1:55884/main.dart.js:59136:16)
    at c3.t (http://127.0.0.1:55884/main.dart.js:46871:19)
    at Object.b_E (http://127.0.0.1:55884/main.dart.js:7414:17)
    at Object.ae (http://127.0.0.1:55884/main.dart.js:7408:15)
    at bY.fa (http://127.0.0.1:55884/main.dart.js:50481:18)
    at bY.dT (http://127.0.0.1:55884/main.dart.js:50482:19)
    at Object.D1 (http://127.0.0.1:55884/main.dart.js:11014:51)
    at aqa.$1 (http://127.0.0.1:55884/main.dart.js:57479:10)
    at aMQ.$1 (http://127.0.0.1:55884/main.dart.js:106388:12);

-------------------2023-05-23 22:30:44.274962-------------------
APP_ERROR:
Converter Function Error: NoSuchMethodError: method not found: 'toString' on null
    
TypeError: Cannot read properties of null (reading 'toString')
    at Object.aUe (http://127.0.0.1:55884/main.dart.js:11006:3)
    at ad2.$1 (http://127.0.0.1:55884/main.dart.js:59136:16)
    at a6.bZ (http://127.0.0.1:55884/main.dart.js:46878:23)
    at bb.t (http://127.0.0.1:55884/main.dart.js:46858:16)
    at Object.b_E (http://127.0.0.1:55884/main.dart.js:7414:17)
    at Object.ae (http://127.0.0.1:55884/main.dart.js:7408:15)
    at a6.fa (http://127.0.0.1:55884/main.dart.js:46804:18)
    at a6.dT (http://127.0.0.1:55884/main.dart.js:46805:19)
    at Object.D1 (http://127.0.0.1:55884/main.dart.js:11014:51)
    at aNU.$1 (http://127.0.0.1:55884/main.dart.js:58231:10);

-------------------2023-05-23 22:30:44.277903-------------------
APP_ERROR:
Converter Function Error: NoSuchMethodError: method not found: 'toString' on null
    
TypeError: Cannot read properties of null (reading 'toString')
    at Object.aUe (http://127.0.0.1:55884/main.dart.js:11006:3)
    at ad2.$1 (http://127.0.0.1:55884/main.dart.js:59136:16)
    at c3.t (http://127.0.0.1:55884/main.dart.js:46871:19)
    at Object.b_E (http://127.0.0.1:55884/main.dart.js:7414:17)
    at Object.ae (http://127.0.0.1:55884/main.dart.js:7408:15)
    at bY.fa (http://127.0.0.1:55884/main.dart.js:50481:18)
    at bY.dT (http://127.0.0.1:55884/main.dart.js:50482:19)
    at Object.D1 (http://127.0.0.1:55884/main.dart.js:11014:51)
    at aqa.$1 (http://127.0.0.1:55884/main.dart.js:57479:10)
    at aMQ.$1 (http://127.0.0.1:55884/main.dart.js:106388:12);

-------------------2023-05-23 22:30:44.293713-------------------
APP_ERROR:
Converter Function Error: NoSuchMethodError: method not found: 'toString' on null
    
TypeError: Cannot read properties of null (reading 'toString')
    at Object.aUe (http://127.0.0.1:55884/main.dart.js:11006:3)
    at ad2.$1 (http://127.0.0.1:55884/main.dart.js:59136:16)
    at a6.bZ (http://127.0.0.1:55884/main.dart.js:46878:23)
    at bb.t (http://127.0.0.1:55884/main.dart.js:46858:16)
    at Object.b_E (http://127.0.0.1:55884/main.dart.js:7414:17)
    at Object.ae (http://127.0.0.1:55884/main.dart.js:7408:15)
    at a6.fa (http://127.0.0.1:55884/main.dart.js:46804:18)
    at a6.dT (http://127.0.0.1:55884/main.dart.js:46805:19)
    at Object.D1 (http://127.0.0.1:55884/main.dart.js:11014:51)
    at aNU.$1 (http://127.0.0.1:55884/main.dart.js:58231:10);

-------------------2023-05-23 22:30:44.297089-------------------
APP_ERROR:
Converter Function Error: NoSuchMethodError: method not found: 'toString' on null
    
TypeError: Cannot read properties of null (reading 'toString')
    at Object.aUe (http://127.0.0.1:55884/main.dart.js:11006:3)
    at ad2.$1 (http://127.0.0.1:55884/main.dart.js:59136:16)
    at c3.t (http://127.0.0.1:55884/main.dart.js:46871:19)
    at Object.b_E (http://127.0.0.1:55884/main.dart.js:7414:17)
    at Object.ae (http://127.0.0.1:55884/main.dart.js:7408:15)
    at bY.fa (http://127.0.0.1:55884/main.dart.js:50481:18)
    at bY.dT (http://127.0.0.1:55884/main.dart.js:50482:19)
    at Object.D1 (http://127.0.0.1:55884/main.dart.js:11014:51)
    at aqa.$1 (http://127.0.0.1:55884/main.dart.js:57479:10)
    at aMQ.$1 (http://127.0.0.1:55884/main.dart.js:106388:12);

-------------------2023-05-23 22:30:44.316045-------------------
APP_ERROR:
Converter Function Error: NoSuchMethodError: method not found: 'toString' on null
    
TypeError: Cannot read properties of null (reading 'toString')
    at Object.aUe (http://127.0.0.1:55884/main.dart.js:11006:3)
    at ad2.$1 (http://127.0.0.1:55884/main.dart.js:59136:16)
    at a6.bZ (http://127.0.0.1:55884/main.dart.js:46878:23)
    at bb.t (http://127.0.0.1:55884/main.dart.js:46858:16)
    at Object.b_E (http://127.0.0.1:55884/main.dart.js:7414:17)
    at Object.ae (http://127.0.0.1:55884/main.dart.js:7408:15)
    at a6.fa (http://127.0.0.1:55884/main.dart.js:46804:18)
    at a6.dT (http://127.0.0.1:55884/main.dart.js:46805:19)
    at Object.D1 (http://127.0.0.1:55884/main.dart.js:11014:51)
    at aNU.$1 (http://127.0.0.1:55884/main.dart.js:58231:10);

-------------------2023-05-23 22:30:44.317737-------------------
APP_ERROR:
Converter Function Error: NoSuchMethodError: method not found: 'toString' on null
    
TypeError: Cannot read properties of null (reading 'toString')
    at Object.aUe (http://127.0.0.1:55884/main.dart.js:11006:3)
    at ad2.$1 (http://127.0.0.1:55884/main.dart.js:59136:16)
    at c3.t (http://127.0.0.1:55884/main.dart.js:46871:19)
    at Object.b_E (http://127.0.0.1:55884/main.dart.js:7414:17)
    at Object.ae (http://127.0.0.1:55884/main.dart.js:7408:15)
    at bY.fa (http://127.0.0.1:55884/main.dart.js:50481:18)
    at bY.dT (http://127.0.0.1:55884/main.dart.js:50482:19)
    at Object.D1 (http://127.0.0.1:55884/main.dart.js:11014:51)
    at aqa.$1 (http://127.0.0.1:55884/main.dart.js:57479:10)
    at aMQ.$1 (http://127.0.0.1:55884/main.dart.js:106388:12);

-------------------2023-05-23 22:30:44.337679-------------------
APP_ERROR:
Converter Function Error: NoSuchMethodError: method not found: 'toString' on null
    
TypeError: Cannot read properties of null (reading 'toString')
    at Object.aUe (http://127.0.0.1:55884/main.dart.js:11006:3)
    at ad2.$1 (http://127.0.0.1:55884/main.dart.js:59136:16)
    at a6.bZ (http://127.0.0.1:55884/main.dart.js:46878:23)
    at bb.t (http://127.0.0.1:55884/main.dart.js:46858:16)
    at Object.b_E (http://127.0.0.1:55884/main.dart.js:7414:17)
    at Object.ae (http://127.0.0.1:55884/main.dart.js:7408:15)
    at a6.fa (http://127.0.0.1:55884/main.dart.js:46804:18)
    at a6.dT (http://127.0.0.1:55884/main.dart.js:46805:19)
    at Object.D1 (http://127.0.0.1:55884/main.dart.js:11014:51)
    at aNU.$1 (http://127.0.0.1:55884/main.dart.js:58231:10);

-------------------2023-05-23 22:30:44.338699-------------------
APP_ERROR:
Converter Function Error: NoSuchMethodError: method not found: 'toString' on null
    
TypeError: Cannot read properties of null (reading 'toString')
    at Object.aUe (http://127.0.0.1:55884/main.dart.js:11006:3)
    at ad2.$1 (http://127.0.0.1:55884/main.dart.js:59136:16)
    at c3.t (http://127.0.0.1:55884/main.dart.js:46871:19)
    at Object.b_E (http://127.0.0.1:55884/main.dart.js:7414:17)
    at Object.ae (http://127.0.0.1:55884/main.dart.js:7408:15)
    at bY.fa (http://127.0.0.1:55884/main.dart.js:50481:18)
    at bY.dT (http://127.0.0.1:55884/main.dart.js:50482:19)
    at Object.D1 (http://127.0.0.1:55884/main.dart.js:11014:51)
    at aqa.$1 (http://127.0.0.1:55884/main.dart.js:57479:10)
    at aMQ.$1 (http://127.0.0.1:55884/main.dart.js:106388:12);

-------------------2023-05-23 22:30:44.353875-------------------
APP_ERROR:
Converter Function Error: NoSuchMethodError: method not found: 'toString' on null
    
TypeError: Cannot read properties of null (reading 'toString')
    at Object.aUe (http://127.0.0.1:55884/main.dart.js:11006:3)
    at ad2.$1 (http://127.0.0.1:55884/main.dart.js:59136:16)
    at a6.bZ (http://127.0.0.1:55884/main.dart.js:46878:23)
    at bb.t (http://127.0.0.1:55884/main.dart.js:46858:16)
    at Object.b_E (http://127.0.0.1:55884/main.dart.js:7414:17)
    at Object.ae (http://127.0.0.1:55884/main.dart.js:7408:15)
    at a6.fa (http://127.0.0.1:55884/main.dart.js:46804:18)
    at a6.dT (http://127.0.0.1:55884/main.dart.js:46805:19)
    at Object.D1 (http://127.0.0.1:55884/main.dart.js:11014:51)
    at aNU.$1 (http://127.0.0.1:55884/main.dart.js:58231:10);

-------------------2023-05-23 22:30:44.355775-------------------
APP_ERROR:
Converter Function Error: NoSuchMethodError: method not found: 'toString' on null
    
TypeError: Cannot read properties of null (reading 'toString')
    at Object.aUe (http://127.0.0.1:55884/main.dart.js:11006:3)
    at ad2.$1 (http://127.0.0.1:55884/main.dart.js:59136:16)
    at c3.t (http://127.0.0.1:55884/main.dart.js:46871:19)
    at Object.b_E (http://127.0.0.1:55884/main.dart.js:7414:17)
    at Object.ae (http://127.0.0.1:55884/main.dart.js:7408:15)
    at bY.fa (http://127.0.0.1:55884/main.dart.js:50481:18)
    at bY.dT (http://127.0.0.1:55884/main.dart.js:50482:19)
    at Object.D1 (http://127.0.0.1:55884/main.dart.js:11014:51)
    at aqa.$1 (http://127.0.0.1:55884/main.dart.js:57479:10)
    at aMQ.$1 (http://127.0.0.1:55884/main.dart.js:106388:12);

-------------------2023-05-23 22:30:44.371725-------------------
APP_ERROR:
Converter Function Error: NoSuchMethodError: method not found: 'toString' on null
    
TypeError: Cannot read properties of null (reading 'toString')
    at Object.aUe (http://127.0.0.1:55884/main.dart.js:11006:3)
    at ad2.$1 (http://127.0.0.1:55884/main.dart.js:59136:16)
    at a6.bZ (http://127.0.0.1:55884/main.dart.js:46878:23)
    at bb.t (http://127.0.0.1:55884/main.dart.js:46858:16)
    at Object.b_E (http://127.0.0.1:55884/main.dart.js:7414:17)
    at Object.ae (http://127.0.0.1:55884/main.dart.js:7408:15)
    at a6.fa (http://127.0.0.1:55884/main.dart.js:46804:18)
    at a6.dT (http://127.0.0.1:55884/main.dart.js:46805:19)
    at Object.D1 (http://127.0.0.1:55884/main.dart.js:11014:51)
    at aNU.$1 (http://127.0.0.1:55884/main.dart.js:58231:10);

-------------------2023-05-23 22:30:44.372848-------------------
APP_ERROR:
Converter Function Error: NoSuchMethodError: method not found: 'toString' on null
    
TypeError: Cannot read properties of null (reading 'toString')
    at Object.aUe (http://127.0.0.1:55884/main.dart.js:11006:3)
    at ad2.$1 (http://127.0.0.1:55884/main.dart.js:59136:16)
    at c3.t (http://127.0.0.1:55884/main.dart.js:46871:19)
    at Object.b_E (http://127.0.0.1:55884/main.dart.js:7414:17)
    at Object.ae (http://127.0.0.1:55884/main.dart.js:7408:15)
    at bY.fa (http://127.0.0.1:55884/main.dart.js:50481:18)
    at bY.dT (http://127.0.0.1:55884/main.dart.js:50482:19)
    at Object.D1 (http://127.0.0.1:55884/main.dart.js:11014:51)
    at aqa.$1 (http://127.0.0.1:55884/main.dart.js:57479:10)
    at aMQ.$1 (http://127.0.0.1:55884/main.dart.js:106388:12);

-------------------2023-05-23 22:30:44.390453-------------------
APP_ERROR:
Converter Function Error: NoSuchMethodError: method not found: 'toString' on null
    
TypeError: Cannot read properties of null (reading 'toString')
    at Object.aUe (http://127.0.0.1:55884/main.dart.js:11006:3)
    at ad2.$1 (http://127.0.0.1:55884/main.dart.js:59136:16)
    at a6.bZ (http://127.0.0.1:55884/main.dart.js:46878:23)
    at bb.t (http://127.0.0.1:55884/main.dart.js:46858:16)
    at Object.b_E (http://127.0.0.1:55884/main.dart.js:7414:17)
    at Object.ae (http://127.0.0.1:55884/main.dart.js:7408:15)
    at a6.fa (http://127.0.0.1:55884/main.dart.js:46804:18)
    at a6.dT (http://127.0.0.1:55884/main.dart.js:46805:19)
    at Object.D1 (http://127.0.0.1:55884/main.dart.js:11014:51)
    at aNU.$1 (http://127.0.0.1:55884/main.dart.js:58231:10);

-------------------2023-05-23 22:30:44.391408-------------------
APP_ERROR:
Converter Function Error: NoSuchMethodError: method not found: 'toString' on null
    
TypeError: Cannot read properties of null (reading 'toString')
    at Object.aUe (http://127.0.0.1:55884/main.dart.js:11006:3)
    at ad2.$1 (http://127.0.0.1:55884/main.dart.js:59136:16)
    at c3.t (http://127.0.0.1:55884/main.dart.js:46871:19)
    at Object.b_E (http://127.0.0.1:55884/main.dart.js:7414:17)
    at Object.ae (http://127.0.0.1:55884/main.dart.js:7408:15)
    at bY.fa (http://127.0.0.1:55884/main.dart.js:50481:18)
    at bY.dT (http://127.0.0.1:55884/main.dart.js:50482:19)
    at Object.D1 (http://127.0.0.1:55884/main.dart.js:11014:51)
    at aqa.$1 (http://127.0.0.1:55884/main.dart.js:57479:10)
    at aMQ.$1 (http://127.0.0.1:55884/main.dart.js:106388:12);

-------------------2023-05-23 22:31:50.118148-------------------
APP_ERROR:
Converter Function Error: NoSuchMethodError: method not found: 'toString' on null
    
TypeError: Cannot read properties of null (reading 'toString')
    at Object.aUe (http://127.0.0.1:55918/main.dart.js:11006:3)
    at ad2.$1 (http://127.0.0.1:55918/main.dart.js:59136:16)
    at c3.t (http://127.0.0.1:55918/main.dart.js:46871:19)
    at Object.b_E (http://127.0.0.1:55918/main.dart.js:7414:17)
    at Object.ae (http://127.0.0.1:55918/main.dart.js:7408:15)
    at bY.fa (http://127.0.0.1:55918/main.dart.js:50481:18)
    at bY.dT (http://127.0.0.1:55918/main.dart.js:50482:19)
    at Object.D1 (http://127.0.0.1:55918/main.dart.js:11014:51)
    at aqa.$1 (http://127.0.0.1:55918/main.dart.js:57479:10)
    at aMQ.$1 (http://127.0.0.1:55918/main.dart.js:106388:12);

-------------------2023-05-23 22:31:50.139461-------------------
APP_ERROR:
Converter Function Error: NoSuchMethodError: method not found: 'toString' on null
    
TypeError: Cannot read properties of null (reading 'toString')
    at Object.aUe (http://127.0.0.1:55918/main.dart.js:11006:3)
    at ad2.$1 (http://127.0.0.1:55918/main.dart.js:59136:16)
    at c3.t (http://127.0.0.1:55918/main.dart.js:46871:19)
    at Object.b_E (http://127.0.0.1:55918/main.dart.js:7414:17)
    at Object.ae (http://127.0.0.1:55918/main.dart.js:7408:15)
    at bY.fa (http://127.0.0.1:55918/main.dart.js:50481:18)
    at bY.dT (http://127.0.0.1:55918/main.dart.js:50482:19)
    at Object.D1 (http://127.0.0.1:55918/main.dart.js:11014:51)
    at aqa.$1 (http://127.0.0.1:55918/main.dart.js:57479:10)
    at aMQ.$1 (http://127.0.0.1:55918/main.dart.js:106388:12);

-------------------2023-05-23 22:31:50.149116-------------------
APP_ERROR:
Converter Function Error: NoSuchMethodError: method not found: 'toString' on null
    
TypeError: Cannot read properties of null (reading 'toString')
    at Object.aUe (http://127.0.0.1:55918/main.dart.js:11006:3)
    at ad2.$1 (http://127.0.0.1:55918/main.dart.js:59136:16)
    at c3.t (http://127.0.0.1:55918/main.dart.js:46871:19)
    at Object.b_E (http://127.0.0.1:55918/main.dart.js:7414:17)
    at Object.ae (http://127.0.0.1:55918/main.dart.js:7408:15)
    at bY.fa (http://127.0.0.1:55918/main.dart.js:50481:18)
    at bY.dT (http://127.0.0.1:55918/main.dart.js:50482:19)
    at Object.D1 (http://127.0.0.1:55918/main.dart.js:11014:51)
    at aqa.$1 (http://127.0.0.1:55918/main.dart.js:57479:10)
    at aMQ.$1 (http://127.0.0.1:55918/main.dart.js:106388:12);

-------------------2023-05-23 22:31:50.156476-------------------
APP_ERROR:
Converter Function Error: NoSuchMethodError: method not found: 'toString' on null
    
TypeError: Cannot read properties of null (reading 'toString')
    at Object.aUe (http://127.0.0.1:55918/main.dart.js:11006:3)
    at ad2.$1 (http://127.0.0.1:55918/main.dart.js:59136:16)
    at c3.t (http://127.0.0.1:55918/main.dart.js:46871:19)
    at Object.b_E (http://127.0.0.1:55918/main.dart.js:7414:17)
    at Object.ae (http://127.0.0.1:55918/main.dart.js:7408:15)
    at bY.fa (http://127.0.0.1:55918/main.dart.js:50481:18)
    at bY.dT (http://127.0.0.1:55918/main.dart.js:50482:19)
    at Object.D1 (http://127.0.0.1:55918/main.dart.js:11014:51)
    at aqa.$1 (http://127.0.0.1:55918/main.dart.js:57479:10)
    at aMQ.$1 (http://127.0.0.1:55918/main.dart.js:106388:12);

-------------------2023-05-23 22:31:50.160427-------------------
APP_ERROR:
Converter Function Error: NoSuchMethodError: method not found: 'toString' on null
    
TypeError: Cannot read properties of null (reading 'toString')
    at Object.aUe (http://127.0.0.1:55918/main.dart.js:11006:3)
    at ad2.$1 (http://127.0.0.1:55918/main.dart.js:59136:16)
    at c3.t (http://127.0.0.1:55918/main.dart.js:46871:19)
    at Object.b_E (http://127.0.0.1:55918/main.dart.js:7414:17)
    at Object.ae (http://127.0.0.1:55918/main.dart.js:7408:15)
    at bY.fa (http://127.0.0.1:55918/main.dart.js:50481:18)
    at bY.dT (http://127.0.0.1:55918/main.dart.js:50482:19)
    at Object.D1 (http://127.0.0.1:55918/main.dart.js:11014:51)
    at aqa.$1 (http://127.0.0.1:55918/main.dart.js:57479:10)
    at aMQ.$1 (http://127.0.0.1:55918/main.dart.js:106388:12);

-------------------2023-05-23 22:31:50.175613-------------------
APP_ERROR:
Converter Function Error: NoSuchMethodError: method not found: 'toString' on null
    
TypeError: Cannot read properties of null (reading 'toString')
    at Object.aUe (http://127.0.0.1:55918/main.dart.js:11006:3)
    at ad2.$1 (http://127.0.0.1:55918/main.dart.js:59136:16)
    at c3.t (http://127.0.0.1:55918/main.dart.js:46871:19)
    at Object.b_E (http://127.0.0.1:55918/main.dart.js:7414:17)
    at Object.ae (http://127.0.0.1:55918/main.dart.js:7408:15)
    at bY.fa (http://127.0.0.1:55918/main.dart.js:50481:18)
    at bY.dT (http://127.0.0.1:55918/main.dart.js:50482:19)
    at Object.D1 (http://127.0.0.1:55918/main.dart.js:11014:51)
    at aqa.$1 (http://127.0.0.1:55918/main.dart.js:57479:10)
    at aMQ.$1 (http://127.0.0.1:55918/main.dart.js:106388:12);

-------------------2023-05-23 22:31:50.191729-------------------
APP_ERROR:
Converter Function Error: NoSuchMethodError: method not found: 'toString' on null
    
TypeError: Cannot read properties of null (reading 'toString')
    at Object.aUe (http://127.0.0.1:55918/main.dart.js:11006:3)
    at ad2.$1 (http://127.0.0.1:55918/main.dart.js:59136:16)
    at c3.t (http://127.0.0.1:55918/main.dart.js:46871:19)
    at Object.b_E (http://127.0.0.1:55918/main.dart.js:7414:17)
    at Object.ae (http://127.0.0.1:55918/main.dart.js:7408:15)
    at bY.fa (http://127.0.0.1:55918/main.dart.js:50481:18)
    at bY.dT (http://127.0.0.1:55918/main.dart.js:50482:19)
    at Object.D1 (http://127.0.0.1:55918/main.dart.js:11014:51)
    at aqa.$1 (http://127.0.0.1:55918/main.dart.js:57479:10)
    at aMQ.$1 (http://127.0.0.1:55918/main.dart.js:106388:12);

-------------------2023-05-23 22:31:50.206292-------------------
APP_ERROR:
Converter Function Error: NoSuchMethodError: method not found: 'toString' on null
    
TypeError: Cannot read properties of null (reading 'toString')
    at Object.aUe (http://127.0.0.1:55918/main.dart.js:11006:3)
    at ad2.$1 (http://127.0.0.1:55918/main.dart.js:59136:16)
    at c3.t (http://127.0.0.1:55918/main.dart.js:46871:19)
    at Object.b_E (http://127.0.0.1:55918/main.dart.js:7414:17)
    at Object.ae (http://127.0.0.1:55918/main.dart.js:7408:15)
    at bY.fa (http://127.0.0.1:55918/main.dart.js:50481:18)
    at bY.dT (http://127.0.0.1:55918/main.dart.js:50482:19)
    at Object.D1 (http://127.0.0.1:55918/main.dart.js:11014:51)
    at aqa.$1 (http://127.0.0.1:55918/main.dart.js:57479:10)
    at aMQ.$1 (http://127.0.0.1:55918/main.dart.js:106388:12);

-------------------2023-05-23 22:31:50.223127-------------------
APP_ERROR:
Converter Function Error: NoSuchMethodError: method not found: 'toString' on null
    
TypeError: Cannot read properties of null (reading 'toString')
    at Object.aUe (http://127.0.0.1:55918/main.dart.js:11006:3)
    at ad2.$1 (http://127.0.0.1:55918/main.dart.js:59136:16)
    at c3.t (http://127.0.0.1:55918/main.dart.js:46871:19)
    at Object.b_E (http://127.0.0.1:55918/main.dart.js:7414:17)
    at Object.ae (http://127.0.0.1:55918/main.dart.js:7408:15)
    at bY.fa (http://127.0.0.1:55918/main.dart.js:50481:18)
    at bY.dT (http://127.0.0.1:55918/main.dart.js:50482:19)
    at Object.D1 (http://127.0.0.1:55918/main.dart.js:11014:51)
    at aqa.$1 (http://127.0.0.1:55918/main.dart.js:57479:10)
    at aMQ.$1 (http://127.0.0.1:55918/main.dart.js:106388:12);

-------------------2023-05-23 22:31:50.246751-------------------
APP_ERROR:
Converter Function Error: NoSuchMethodError: method not found: 'toString' on null
    
TypeError: Cannot read properties of null (reading 'toString')
    at Object.aUe (http://127.0.0.1:55918/main.dart.js:11006:3)
    at ad2.$1 (http://127.0.0.1:55918/main.dart.js:59136:16)
    at c3.t (http://127.0.0.1:55918/main.dart.js:46871:19)
    at Object.b_E (http://127.0.0.1:55918/main.dart.js:7414:17)
    at Object.ae (http://127.0.0.1:55918/main.dart.js:7408:15)
    at bY.fa (http://127.0.0.1:55918/main.dart.js:50481:18)
    at bY.dT (http://127.0.0.1:55918/main.dart.js:50482:19)
    at Object.D1 (http://127.0.0.1:55918/main.dart.js:11014:51)
    at aqa.$1 (http://127.0.0.1:55918/main.dart.js:57479:10)
    at aMQ.$1 (http://127.0.0.1:55918/main.dart.js:106388:12);

-------------------2023-05-23 22:31:50.256011-------------------
APP_ERROR:
Converter Function Error: NoSuchMethodError: method not found: 'toString' on null
    
TypeError: Cannot read properties of null (reading 'toString')
    at Object.aUe (http://127.0.0.1:55918/main.dart.js:11006:3)
    at ad2.$1 (http://127.0.0.1:55918/main.dart.js:59136:16)
    at c3.t (http://127.0.0.1:55918/main.dart.js:46871:19)
    at Object.b_E (http://127.0.0.1:55918/main.dart.js:7414:17)
    at Object.ae (http://127.0.0.1:55918/main.dart.js:7408:15)
    at bY.fa (http://127.0.0.1:55918/main.dart.js:50481:18)
    at bY.dT (http://127.0.0.1:55918/main.dart.js:50482:19)
    at Object.D1 (http://127.0.0.1:55918/main.dart.js:11014:51)
    at aqa.$1 (http://127.0.0.1:55918/main.dart.js:57479:10)
    at aMQ.$1 (http://127.0.0.1:55918/main.dart.js:106388:12);

-------------------2023-05-23 22:31:50.272953-------------------
APP_ERROR:
Converter Function Error: NoSuchMethodError: method not found: 'toString' on null
    
TypeError: Cannot read properties of null (reading 'toString')
    at Object.aUe (http://127.0.0.1:55918/main.dart.js:11006:3)
    at ad2.$1 (http://127.0.0.1:55918/main.dart.js:59136:16)
    at c3.t (http://127.0.0.1:55918/main.dart.js:46871:19)
    at Object.b_E (http://127.0.0.1:55918/main.dart.js:7414:17)
    at Object.ae (http://127.0.0.1:55918/main.dart.js:7408:15)
    at bY.fa (http://127.0.0.1:55918/main.dart.js:50481:18)
    at bY.dT (http://127.0.0.1:55918/main.dart.js:50482:19)
    at Object.D1 (http://127.0.0.1:55918/main.dart.js:11014:51)
    at aqa.$1 (http://127.0.0.1:55918/main.dart.js:57479:10)
    at aMQ.$1 (http://127.0.0.1:55918/main.dart.js:106388:12);

-------------------2023-05-23 22:31:50.288377-------------------
APP_ERROR:
Converter Function Error: NoSuchMethodError: method not found: 'toString' on null
    
TypeError: Cannot read properties of null (reading 'toString')
    at Object.aUe (http://127.0.0.1:55918/main.dart.js:11006:3)
    at ad2.$1 (http://127.0.0.1:55918/main.dart.js:59136:16)
    at c3.t (http://127.0.0.1:55918/main.dart.js:46871:19)
    at Object.b_E (http://127.0.0.1:55918/main.dart.js:7414:17)
    at Object.ae (http://127.0.0.1:55918/main.dart.js:7408:15)
    at bY.fa (http://127.0.0.1:55918/main.dart.js:50481:18)
    at bY.dT (http://127.0.0.1:55918/main.dart.js:50482:19)
    at Object.D1 (http://127.0.0.1:55918/main.dart.js:11014:51)
    at aqa.$1 (http://127.0.0.1:55918/main.dart.js:57479:10)
    at aMQ.$1 (http://127.0.0.1:55918/main.dart.js:106388:12);

-------------------2023-05-23 22:31:50.305428-------------------
APP_ERROR:
Converter Function Error: NoSuchMethodError: method not found: 'toString' on null
    
TypeError: Cannot read properties of null (reading 'toString')
    at Object.aUe (http://127.0.0.1:55918/main.dart.js:11006:3)
    at ad2.$1 (http://127.0.0.1:55918/main.dart.js:59136:16)
    at c3.t (http://127.0.0.1:55918/main.dart.js:46871:19)
    at Object.b_E (http://127.0.0.1:55918/main.dart.js:7414:17)
    at Object.ae (http://127.0.0.1:55918/main.dart.js:7408:15)
    at bY.fa (http://127.0.0.1:55918/main.dart.js:50481:18)
    at bY.dT (http://127.0.0.1:55918/main.dart.js:50482:19)
    at Object.D1 (http://127.0.0.1:55918/main.dart.js:11014:51)
    at aqa.$1 (http://127.0.0.1:55918/main.dart.js:57479:10)
    at aMQ.$1 (http://127.0.0.1:55918/main.dart.js:106388:12);

-------------------2023-05-23 22:31:50.325111-------------------
APP_ERROR:
Converter Function Error: NoSuchMethodError: method not found: 'toString' on null
    
TypeError: Cannot read properties of null (reading 'toString')
    at Object.aUe (http://127.0.0.1:55918/main.dart.js:11006:3)
    at ad2.$1 (http://127.0.0.1:55918/main.dart.js:59136:16)
    at c3.t (http://127.0.0.1:55918/main.dart.js:46871:19)
    at Object.b_E (http://127.0.0.1:55918/main.dart.js:7414:17)
    at Object.ae (http://127.0.0.1:55918/main.dart.js:7408:15)
    at bY.fa (http://127.0.0.1:55918/main.dart.js:50481:18)
    at bY.dT (http://127.0.0.1:55918/main.dart.js:50482:19)
    at Object.D1 (http://127.0.0.1:55918/main.dart.js:11014:51)
    at aqa.$1 (http://127.0.0.1:55918/main.dart.js:57479:10)
    at aMQ.$1 (http://127.0.0.1:55918/main.dart.js:106388:12);
